[0.055s] DEBUG:colcon:Command line arguments: ['/usr/bin/colcon', 'build', '--base-paths', 'src', '--symlink-install', '--packages-select', 'golfcart_runtime']
[0.055s] DEBUG:colcon:Parsed command line arguments: Namespace(log_base=None, log_level=None, verb_name='build', build_base='build', install_base='install', merge_install=False, symlink_install=True, test_result_base=None, continue_on_error=False, executor='parallel', parallel_workers=24, event_handlers=None, ignore_user_meta=False, metas=['./colcon.meta'], base_paths=['src'], packages_ignore=None, packages_ignore_regex=None, paths=None, packages_up_to=None, packages_up_to_regex=None, packages_above=None, packages_above_and_dependencies=None, packages_above_depth=None, packages_select_by_dep=None, packages_skip_by_dep=None, packages_skip_up_to=None, packages_select_build_failed=False, packages_skip_build_finished=False, packages_select_test_failures=False, packages_skip_test_passed=False, packages_select=['golfcart_runtime'], packages_skip=None, packages_select_regex=None, packages_skip_regex=None, packages_start=None, packages_end=None, allow_overriding=[], cmake_args=None, cmake_target=None, cmake_target_skip_unavailable=False, cmake_clean_cache=False, cmake_clean_first=False, cmake_force_configure=False, cargo_args=None, rosidl_runtime_rs_version=None, no_rpath=False, no_gitignore=False, ament_cmake_args=None, catkin_cmake_args=None, catkin_skip_building_tests=False, mixin_files=None, mixin=None, verb_parser=<colcon_mixin.mixin.mixin_argument.MixinArgumentDecorator object at 0x768a63bc1c90>, verb_extension=<colcon_core.verb.build.BuildVerb object at 0x768a63b37310>, main=<bound method BuildVerb.main of <colcon_core.verb.build.BuildVerb object at 0x768a63b37310>>, mixin_verb=('build',))
[0.140s] Level 1:colcon.colcon_core.package_discovery:discover_packages(colcon_meta) check parameters
[0.140s] Level 1:colcon.colcon_core.package_discovery:discover_packages(recursive) check parameters
[0.140s] Level 1:colcon.colcon_core.package_discovery:discover_packages(ignore) check parameters
[0.140s] Level 1:colcon.colcon_core.package_discovery:discover_packages(path) check parameters
[0.140s] Level 1:colcon.colcon_core.package_discovery:discover_packages(recursive) discover
[0.140s] INFO:colcon.colcon_core.package_discovery:Crawling recursively for packages in '/home/aeon/repos/2026-golf-cart/src/system/golfcart_runtime/src'
[0.140s] Level 1:colcon.colcon_core.package_discovery:discover_packages(recursive) using defaults
[0.140s] WARNING:colcon.colcon_core.package_selection:ignoring unknown package 'golfcart_runtime' in --packages-select
[0.148s] DEBUG:colcon.colcon_cargo_ros2.package_augmentation:No Cargo packages found in workspace
[0.148s] Level 1:colcon.colcon_core.package_discovery:discover_packages(prefix_path) check parameters
[0.148s] Level 1:colcon.colcon_core.package_discovery:discover_packages(prefix_path) discover
[0.150s] DEBUG:colcon.colcon_installed_package_information.package_discovery:Found 788 installed packages in /opt/ros/humble
[0.151s] Level 1:colcon.colcon_core.package_discovery:discover_packages(prefix_path) using defaults
[0.180s] INFO:colcon.colcon_core.executor:Executing jobs using 'parallel' executor
[0.181s] DEBUG:colcon.colcon_parallel_executor.executor.parallel:run_until_complete
[0.181s] DEBUG:colcon.colcon_parallel_executor.executor.parallel:closing loop
[0.181s] DEBUG:colcon.colcon_parallel_executor.executor.parallel:loop closed
[0.181s] DEBUG:colcon.colcon_parallel_executor.executor.parallel:run_until_complete finished with '0'
[0.181s] DEBUG:colcon.colcon_core.event_reactor:joining thread
[0.181s] DEBUG:colcon.colcon_core.event_reactor:joined thread
[0.182s] INFO:colcon.colcon_core.plugin_system:Skipping extension 'colcon_core.shell.bat': Not used on non-Windows systems
[0.182s] INFO:colcon.colcon_core.shell:Creating prefix script '/home/aeon/repos/2026-golf-cart/src/system/golfcart_runtime/install/local_setup.ps1'
[0.182s] INFO:colcon.colcon_core.shell:Creating prefix util module '/home/aeon/repos/2026-golf-cart/src/system/golfcart_runtime/install/_local_setup_util_ps1.py'
[0.182s] INFO:colcon.colcon_core.shell:Creating prefix chain script '/home/aeon/repos/2026-golf-cart/src/system/golfcart_runtime/install/setup.ps1'
[0.183s] INFO:colcon.colcon_core.shell:Creating prefix script '/home/aeon/repos/2026-golf-cart/src/system/golfcart_runtime/install/local_setup.sh'
[0.183s] INFO:colcon.colcon_core.shell:Creating prefix util module '/home/aeon/repos/2026-golf-cart/src/system/golfcart_runtime/install/_local_setup_util_sh.py'
[0.183s] INFO:colcon.colcon_core.shell:Creating prefix chain script '/home/aeon/repos/2026-golf-cart/src/system/golfcart_runtime/install/setup.sh'
[0.183s] INFO:colcon.colcon_core.shell:Creating prefix script '/home/aeon/repos/2026-golf-cart/src/system/golfcart_runtime/install/local_setup.bash'
[0.184s] INFO:colcon.colcon_core.shell:Creating prefix chain script '/home/aeon/repos/2026-golf-cart/src/system/golfcart_runtime/install/setup.bash'
[0.184s] INFO:colcon.colcon_core.shell:Creating prefix script '/home/aeon/repos/2026-golf-cart/src/system/golfcart_runtime/install/local_setup.zsh'
[0.184s] INFO:colcon.colcon_core.shell:Creating prefix chain script '/home/aeon/repos/2026-golf-cart/src/system/golfcart_runtime/install/setup.zsh'
